Command: /home/junchannn/.espressif/python_env/idf5.5_py3.12_env/bin/python /home/junchannn/esp/esp-idf/tools/idf_monitor.py -p /dev/ttyUSB0 -b 115200 --toolchain-prefix xtensa-esp32-elf- --target esp32 --revision 0 /home/junchannn/esp/hello_world/build/hello_world.elf /home/junchannn/esp/hello_world/build/bootloader/bootloader.elf -m '/home/junchannn/.espressif/python_env/idf5.5_py3.12_env/bin/python' '/home/junchannn/esp/esp-idf/tools/idf.py'
ets Jul 29 2019 12:21:46

rst:0x1 (POWERON_RESET),boot:0x17 (SPI_FAST_FLASH_BOOT)
configsip: 0, SPIWP:0xee
clk_drv:0x00,q_drv:0x00,d_drv:0x00,cs0_drv:0x00,hd_drv:0x00,wp_drv:0x00
mode:DIO, clock div:2
load:0x3fff0030,len:6380
ho 0 tail 12 room 4
load:0x40078000,len:15916
load:0x40080400,len:3860
entry 0x40080638
[0;32mI (29) boot: ESP-IDF v5.5.1 2nd stage bootloader[0m
[0;32mI (29) boot: compile time Nov 27 2025 18:23:19[0m
[0;32mI (29) boot: Multicore bootloader[0m
[0;32mI (31) boot: chip revision: v3.1[0m
[0;32mI (33) boot.esp32: SPI Speed      : 40MHz[0m
[0;32mI (37) boot.esp32: SPI Mode       : DIO[0m
[0;32mI (41) boot.esp32: SPI Flash Size : 2MB[0m
[0;32mI (44) boot: Enabling RNG early entropy source...[0m
[0;32mI (49) boot: Partition Table:[0m
[0;32mI (51) boot: ## Label            Usage          Type ST Offset   Length[0m
[0;32mI (58) boot:  0 nvs              WiFi data        01 02 00009000 00006000[0m
[0;32mI (64) boot:  1 phy_init         RF data          01 01 0000f000 00001000[0m
[0;32mI (71) boot:  2 factory          factory app      00 00 00010000 00100000[0m
[0;32mI (77) boot: End of partition table[0m
[0;32mI (81) esp_image: segment 0: paddr=00010020 vaddr=3f400020 size=1a108h (106760) map[0m
[0;32mI (124) esp_image: segment 1: paddr=0002a130 vaddr=3ffb0000 size=03f1ch ( 16156) load[0m
[0;32mI (131) esp_image: segment 2: paddr=0002e054 vaddr=40080000 size=01fc4h (  8132) load[0m
[0;32mI (134) esp_image: segment 3: paddr=00030020 vaddr=400d0020 size=87c7ch (556156) map[0m
[0;32mI (326) esp_image: segment 4: paddr=000b7ca4 vaddr=40081fc4 size=15ee0h ( 89824) load[0m
[0;32mI (361) esp_image: segment 5: paddr=000cdb8c vaddr=50000000 size=00020h (    32) load[0m
[0;32mI (373) boot: Loaded app from partition at offset 0x10000[0m
[0;32mI (373) boot: Disabling RNG early entropy source...[0m
[0;32mI (384) cpu_start: Multicore app[0m
[0;32mI (392) cpu_start: Pro cpu start user code[0m
[0;32mI (392) cpu_start: cpu freq: 160000000 Hz[0m
[0;32mI (392) app_init: Application information:[0m
[0;32mI (392) app_init: Project name:     hello_world[0m
[0;32mI (396) app_init: App version:      1[0m
[0;32mI (400) app_init: Compile time:     Dec  2 2025 18:04:30[0m
[0;32mI (405) app_init: ELF file SHA256:  d04445d1e...[0m
[0;32mI (409) app_init: ESP-IDF:          v5.5.1[0m
[0;32mI (413) efuse_init: Min chip rev:     v0.0[0m
[0;32mI (417) efuse_init: Max chip rev:     v3.99 [0m
[0;32mI (421) efuse_init: Chip rev:         v3.1[0m
[0;32mI (425) heap_init: Initializing. RAM available for dynamic allocation:[0m
[0;32mI (431) heap_init: At 3FFAE6E0 len 00001920 (6 KiB): DRAM[0m
[0;32mI (436) heap_init: At 3FFB8020 len 00027FE0 (159 KiB): DRAM[0m
[0;32mI (441) heap_init: At 3FFE0440 len 00003AE0 (14 KiB): D/IRAM[0m
[0;32mI (447) heap_init: At 3FFE4350 len 0001BCB0 (111 KiB): D/IRAM[0m
[0;32mI (452) heap_init: At 40097EA4 len 0000815C (32 KiB): IRAM[0m
[0;32mI (459) spi_flash: detected chip: generic[0m
[0;32mI (461) spi_flash: flash io: dio[0m
[0;33mW (464) spi_flash: Detected size(4096k) larger than the size in the binary image header(2048k). Using the size in the binary image header.[0m
[0;32mI (477) main_task: Started on CPU0[0m
[0;32mI (487) main_task: Calling app_main()[0m
[0;32mI (487) MAIN: Starting ESP32 Temperature Monitor[0m
[0;32mI (507) DHT11: DHT11 Temperature Monitor with WiFi/MQTT[0m
[0;32mI (507) BUZZER: Alert threshold: 27Â°C[0m
[0;32mI (507) BUZZER: Testing buzzer...[0m
[0;32mI (507) BUZZER: Beeping at 2500 Hz for 200 ms[0m
[0;32mI (707) BUZZER: Beep complete[0m
